// Jest Snapshot v1, https://goo.gl/fbAQLP

exports[`# Login  1`] = `
<div
  className="jumbotron"
>
  <h3>
    Login Page
  </h3>
  <p>
    please log in Or 
    <Link
      onlyActiveOnIndex={false}
      style={Object {}}
      to="/register"
    >
      register 
    </Link>
     
  </p>
  <form>
    <div
      className="form-group"
    >
      <label
        htmlFor="usernameInput"
      >
        Username
      </label>
      <input
        className="form-control"
        id="usernameInput"
        placeholder="username"
        type="text"
      />
    </div>
    <div
      className="form-group"
    >
      <label
        htmlFor="passwordInput"
      >
        Password
      </label>
      <input
        className="form-control"
        id="passwordInput"
        placeholder="Password"
        type="password"
      />
    </div>
    <div
      className="checkbox"
    >
      <label
        htmlFor="rememberMe"
      >
        <input
          id="rememberMe"
          name="rememberMe"
          type="checkbox"
        />
         Check me out
      </label>
    </div>
    <button
      className="btn btn-default"
      onClick={[Function]}
      type="submit"
    >
      Submit
    </button>
  </form>
</div>
`;

exports[`# Login 1`] = `
<div
  className="jumbotron"
>
  <h3>
    Login Page
  </h3>
  <p>
    please log in Or 
    <Link
      onlyActiveOnIndex={false}
      style={Object {}}
      to="/register"
    >
      register 
    </Link>
     
  </p>
  <form>
    <div
      className="form-group"
    >
      <label
        htmlFor="usernameInput"
      >
        Username
      </label>
      <input
        className="form-control"
        id="usernameInput"
        placeholder="username"
        type="text"
      />
    </div>
    <div
      className="form-group"
    >
      <label
        htmlFor="passwordInput"
      >
        Password
      </label>
      <input
        className="form-control"
        id="passwordInput"
        placeholder="Password"
        type="password"
      />
    </div>
    <div
      className="checkbox"
    >
      <label
        htmlFor="rememberMe"
      >
        <input
          id="rememberMe"
          name="rememberMe"
          type="checkbox"
        />
         Check me out
      </label>
    </div>
    <button
      className="btn btn-default"
      onClick={[Function]}
      type="submit"
    >
      Submit
    </button>
  </form>
</div>
`;

exports[`# Login Warraper 1`] = `
<Login
  error=""
  navToHome={[Function]}
  onLoginClick={[Function]}
  store={
    Object {
      "clearActions": [Function],
      "dispatch": [Function],
      "getActions": [Function],
      "getState": [Function],
      "replaceReducer": [Function],
      "subscribe": [Function],
    }
  }
  storeSubscription={
    Subscription {
      "listeners": Object {
        "notify": [Function],
      },
      "onStateChange": [Function],
      "parentSub": undefined,
      "store": Object {
        "clearActions": [Function],
        "dispatch": [Function],
        "getActions": [Function],
        "getState": [Function],
        "replaceReducer": [Function],
        "subscribe": [Function],
      },
      "unsubscribe": null,
    }
  }
  token=""
  user={
    Object {
      "id": "0",
      "login": "test",
      "registrationDate": "2017-05-07T10:22:37.364Z",
    }
  }
/>
`;
