// Jest Snapshot v1, https://goo.gl/fbAQLP

exports[`# Question 1`] = `
<div
  className="panel panel-default"
>
  <div
    className="panel-heading"
  >
    Question text
    <div
      className="pull-right"
    >
      <Link
        onlyActiveOnIndex={false}
        style={Object {}}
        to="profile/0"
      >
        test
         
      </Link>
       
    </div>
  </div>
  <div
    className="panel-body"
  >
    <ul
      className="list-group"
    >
      <li
        className="list-group-item"
      >
        Test answer
      </li>
    </ul>
  </div>
  <div
    className="panel-footer"
  >
    <form
      className="form-horizontal"
    >
      <div
        className="col-sm-10"
      >
        <input
          className="form-control"
          id="answerInput"
          placeholder="Enter your answer..."
          type="text"
        />
      </div>
      <button
        className="btn btn-default"
        onClick={[Function]}
        type="submit"
      >
        Answer
      </button>
    </form>
  </div>
</div>
`;
